
     | | | | | | |
   _________________
  -|               |-
  -|               |-
  -|               |-
  -|    CYPRESS    |-
  -|               |-
  -|               |-   Warp VHDL Synthesis Compiler: Version 6.2 IR 28.4
  -|               |-   Copyright (C) 1991-2001 Cypress Semiconductor
   |_______________|
     | | | | | | |

======================================================================
Compiling:  tprf.vhd
Options:    -yu -e10 -w100 -o2 -ygs -fO -fP -v10 -dc37256 -pcy37256p160-83ac -a tprf.vhd -u tprf.hie -uch0000
======================================================================

vhdlfe V6.2 IR 27:  VHDL parser
Fri Feb 25 10:43:05 2011

Library 'work' => directory 'lc37256'
Linking 'C:\Program Files\Cypress\Warp\bin\std.vhd'.
Linking 'C:\Program Files\Cypress\Warp\lib\common\cypress.vhd'.
Linking 'C:\Program Files\Cypress\Warp\lib\common\work\cypress.vif'.
Library 'ieee' => directory 'C:\Program Files\Cypress\Warp\lib\ieee\work'
Linking 'C:\Program Files\Cypress\Warp\lib\ieee\work\stdlogic.vif'.
Linking 'Z:\TP_SCI\VHDL8\lc37256\baspck.vif'.

vhdlfe:  No errors.


tovif V6.2 IR 27:  High-level synthesis
Fri Feb 25 10:43:05 2011

Linking 'C:\Program Files\Cypress\Warp\bin\std.vhd'.
Linking 'C:\Program Files\Cypress\Warp\lib\common\cypress.vhd'.
Linking 'C:\Program Files\Cypress\Warp\lib\common\work\cypress.vif'.
Linking 'C:\Program Files\Cypress\Warp\lib\ieee\work\stdlogic.vif'.
Linking 'Z:\TP_SCI\VHDL8\lc37256\baspck.vif'.
Added entity 'tprf' to library 'work'
Added architecture 'tprf_arch' to library 'work'

tovif:  No errors.

